// Jest Snapshot v1, https://goo.gl/fbAQLP

exports[` 1`] = `
[MockFunction] {
  "calls": [
    [
      [Function],
    ],
  ],
  "results": [
    {
      "type": "return",
      "value": undefined,
    },
  ],
}
`;

exports[`mocks a function 1`] = `
[MockFunction] {
  "calls": [
    [
      [Function],
    ],
  ],
  "results": [
    {
      "type": "return",
      "value": undefined,
    },
  ],
}
`;
